Microchip MPLAB XC8 Compiler V2.31

Linker command line:

-W-3 --edf=/Applications/microchip/xc8/v2.31/pic/dat/en_msgs.txt -cn \
  -h+dist/default/debug/PIC16F18344.X.debug.sym \
  --cmf=dist/default/debug/PIC16F18344.X.debug.cmf -z -Q16F18344 \
  -o/tmp/xcbdhwNXz --defsym=__MPLAB_BUILD=1 \
  -Mdist/default/debug/PIC16F18344.X.debug.map -E1 -ver=XC8 Compiler \
  --acfsm=1493 -ASTACK=0203Bh-021EFh -pstack=STACK -p_time01_text=810h \
  -p_time04_text=840h -p_time13_text=8D0h -p_time09_text=890h \
  -p_time02_text=820h -p_time11_text=8B0h -p_time07_text=870h \
  -p_time14_text=8E0h -p_time00_text=800h -p_time05_text=850h \
  -p_time12_text=8C0h -p_time08_text=880h -p_time03_text=830h \
  -p_time10_text=8A0h -p_time06_text=860h -p_time15_text=8F0h \
  -ACODE=00h-07FFhx2 -ASTRCODE=00h-0FFFh -ASTRING=00h-0FFhx16 \
  -ACONST=00h-0FFhx16 -AENTRY=00h-0FFhx16 -ACOMMON=070h-07Fh \
  -ABANK0=020h-06Fh -ABANK1=0A0h-0EFh -ABANK2=0120h-016Fh \
  -ABANK3=01A0h-01EFh -ABANK4=0220h-026Fh -ABANK5=02A0h-02EFh \
  -ABANK6=0320h-032Fh -ABIGRAM=02000h-021EFh \
  -ARAM=020h-06Fh,0A0h-0EFh,0120h-016Fh,01A0h-01EFh,0220h-026Fh,02A0h-02EFh,0320h-032Fh \
  -AABS1=020h-07Fh,0A0h-0EFh,0120h-016Fh,01A0h-01EFh,0220h-026Fh,02A0h-02EFh,0320h-032Fh \
  -ASFR0=00h-01Fh -ASFR1=080h-09Fh -ASFR2=0100h-011Fh -ASFR3=0180h-019Fh \
  -ASFR4=0200h-021Fh -ASFR5=0280h-029Fh -ASFR6=0300h-031Fh \
  -ASFR7=0380h-03EFh -ASFR8=0400h-046Fh -ASFR9=0480h-04EFh \
  -ASFR10=0500h-056Fh -ASFR11=0580h-05EFh -ASFR12=0600h-066Fh \
  -ASFR13=0680h-06EFh -ASFR14=0700h-076Fh -ASFR15=0780h-07EFh \
  -ASFR16=0800h-086Fh -ASFR17=0880h-08EFh -ASFR18=0900h-096Fh \
  -ASFR19=0980h-09EFh -ASFR20=0A00h-0A6Fh -ASFR21=0A80h-0AEFh \
  -ASFR22=0B00h-0B6Fh -ASFR23=0B80h-0BEFh -ASFR24=0C00h-0C6Fh \
  -ASFR25=0C80h-0CEFh -ASFR26=0D00h-0D6Fh -ASFR27=0D80h-0DEFh \
  -ASFR28=0E00h-0E6Fh -ASFR29=0E80h-0EEFh -ASFR30=0F00h-0F6Fh \
  -ASFR31=0F80h-0FEFh -ACONFIG=08007h-0800Ah -DCONFIG=2 \
  -AIDLOC=08000h-08003h -DIDLOC=2 -AEEDATA=00h-0FFh/0F000h \
  -peeprom_data=EEDATA -DEEDATA=2 -DCODE=2 -DSTRCODE=2 -DSTRING=2 -DCONST=2 \
  -DENTRY=2 -preset_vec=00h,intentry=04h,init,end_init -ppowerup=CODE \
  -pcinit=CODE -pfunctab=ENTRY -k /tmp/xclFjFSUp.o \
  dist/default/debug/PIC16F18344.X.debug.o 

Object code version is 3.11

Machine type is 16F18344



                Name                               Link     Load   Length Selector   Space Scale
/tmp/xclFjFSUp.o
                end_init                             19       19        2        8       0
                reset_vec                             0        0        2        0       0
                config                             8007     8007        4        0       4
dist/default/debug/PIC16F18344.X.debug.o
                cinit                                1B       1B       1C        8       0
                intentry                              4        4       15        8       0
                config                             8007     8007        4        0       4
                text19                               37       37      1BC        8       0
                text18                              382      382       2B        8       0
                text17                              3AD      3AD       23        8       0
                text16                              493      493        1        8       0
                text15                              453      453        E        8       0
                text13                              3D0      3D0       22        8       0
                text12                              476      476        9        8       0
                text11                              46D      46D        9        8       0
                text10                              2F1      2F1       35        8       0
                text9                               461      461        C        8       0
                text8                               412      412       18        8       0
                text7                               485      485        6        8       0
                text6                               440      440       13        8       0
                text5                               48F      48F        4        8       0
                text4                               42A      42A       16        8       0
                text3                               326      326       30        8       0
                text2                               3F2      3F2       20        8       0
                text1                               356      356       2C        8       0
                maintext                            1F3      1F3       FE        8       0
                cstackBANK0                          42       42       13       20       1
                cstackCOMMON                         70       70        E       70       1
                clrtext                             47F      47F        6        8       0
                dataBANK0                            55       55        4       20       1
                bssBANK0                             20       20       22       20       1
                nvBANK0                              59       59        2       20       1
                _time00_text                        800      800       10     1000       0
                _time01_text                        810      810       10     1020       0
                _time02_text                        820      820       10     1040       0
                _time03_text                        830      830       10     1060       0
                _time04_text                        840      840       10     1080       0
                _time05_text                        850      850       10     10A0       0
                _time06_text                        860      860       10     10C0       0
                _time07_text                        870      870       10     10E0       0
                _time08_text                        880      880       10     1100       0
                _time09_text                        890      890       10     1120       0
                _time10_text                        8A0      8A0       10     1140       0
                _time11_text                        8B0      8B0       10     1160       0
                _time12_text                        8C0      8C0       10     1180       0
                _time13_text                        8D0      8D0       10     11A0       0
                _time14_text                        8E0      8E0       10     11C0       0
                _time15_text                        8F0      8F0       10     11E0       0
                stringtext1                         900      900        4     11E0       0
                idataBANK0                          48B      48B        4        8       0

TOTAL           Name                               Link     Load   Length     Space
        CLASS   STACK          

        CLASS   CODE           
                end_init                             19       19        2         0
                cinit                                1B       1B       1C         0
                intentry                              4        4       15         0
                reset_vec                             0        0        2         0
                text19                               37       37      1BC         0
                text18                              382      382       2B         0
                text17                              3AD      3AD       23         0
                text16                              493      493        1         0
                text15                              453      453        E         0
                text13                              3D0      3D0       22         0
                text12                              476      476        9         0
                text11                              46D      46D        9         0
                text10                              2F1      2F1       35         0
                text9                               461      461        C         0
                text8                               412      412       18         0
                text7                               485      485        6         0
                text6                               440      440       13         0
                text5                               48F      48F        4         0
                text4                               42A      42A       16         0
                text3                               326      326       30         0
                text2                               3F2      3F2       20         0
                text1                               356      356       2C         0
                maintext                            1F3      1F3       FE         0
                clrtext                             47F      47F        6         0
                idataBANK0                          48B      48B        4         0

        CLASS   STRCODE        
                _time00_text                        800      800       10         0
                _time01_text                        810      810       10         0
                _time02_text                        820      820       10         0
                _time03_text                        830      830       10         0
                _time04_text                        840      840       10         0
                _time05_text                        850      850       10         0
                _time06_text                        860      860       10         0
                _time07_text                        870      870       10         0
                _time08_text                        880      880       10         0
                _time09_text                        890      890       10         0
                _time10_text                        8A0      8A0       10         0
                _time11_text                        8B0      8B0       10         0
                _time12_text                        8C0      8C0       10         0
                _time13_text                        8D0      8D0       10         0
                _time14_text                        8E0      8E0       10         0
                _time15_text                        8F0      8F0       10         0
                stringtext1                         900      900        4         0

        CLASS   STRING         

        CLASS   CONST          

        CLASS   ENTRY          

        CLASS   COMMON         
                cstackCOMMON                         70       70        E         1

        CLASS   BANK0          
                cstackBANK0                          42       42       13         1
                dataBANK0                            55       55        4         1
                bssBANK0                             20       20       22         1
                nvBANK0                              59       59        2         1

        CLASS   BANK1          

        CLASS   BANK2          

        CLASS   BANK3          

        CLASS   BANK4          

        CLASS   BANK5          

        CLASS   BANK6          

        CLASS   BIGRAM         

        CLASS   RAM            

        CLASS   ABS1           
                abs_s1                               7E       7E        2         1

        CLASS   SFR0           

        CLASS   SFR1           

        CLASS   SFR2           

        CLASS   SFR3           

        CLASS   SFR4           

        CLASS   SFR5           

        CLASS   SFR6           

        CLASS   SFR7           

        CLASS   SFR8           

        CLASS   SFR9           

        CLASS   SFR10          

        CLASS   SFR11          

        CLASS   SFR12          

        CLASS   SFR13          

        CLASS   SFR14          

        CLASS   SFR15          

        CLASS   SFR16          

        CLASS   SFR17          

        CLASS   SFR18          

        CLASS   SFR19          

        CLASS   SFR20          

        CLASS   SFR21          

        CLASS   SFR22          

        CLASS   SFR23          

        CLASS   SFR24          

        CLASS   SFR25          

        CLASS   SFR26          

        CLASS   SFR27          

        CLASS   SFR28          

        CLASS   SFR29          

        CLASS   SFR30          

        CLASS   SFR31          

        CLASS   CONFIG         
                config                             8007     8007        4         4

        CLASS   IDLOC          

        CLASS   EEDATA         

        CLASS   BANK31         

        CLASS   BANK30         

        CLASS   BANK29         

        CLASS   BANK28         

        CLASS   BANK27         

        CLASS   BANK26         

        CLASS   BANK25         

        CLASS   BANK24         

        CLASS   BANK23         

        CLASS   BANK22         

        CLASS   BANK21         

        CLASS   BANK20         

        CLASS   BANK19         

        CLASS   BANK18         

        CLASS   BANK17         

        CLASS   BANK16         

        CLASS   BANK15         

        CLASS   BANK14         

        CLASS   BANK13         

        CLASS   BANK12         

        CLASS   BANK11         

        CLASS   BANK10         

        CLASS   BANK9          

        CLASS   BANK8          

        CLASS   BANK7          



SEGMENTS        Name                           Load    Length   Top    Selector   Space  Class     Delta

                cstackCOMMON                   000070  00000E  00007E        70       1  COMMON      1
                reset_vec                      000000  000002  000002         0       0  CODE        2
                intentry                       000004  000490  000494         8       0  CODE        2
                bssBANK0                       000020  00003B  00005B        20       1  BANK0       1
                _time13_text                   0008D0  000010  0008E0      11A0       0  STRCODE     2
                _time04_text                   000840  000010  000850      1080       0  STRCODE     2
                _time01_text                   000810  000010  000820      1020       0  STRCODE     2
                _time09_text                   000890  000010  0008A0      1120       0  STRCODE     2
                _time15_text                   0008F0  000014  000904      11E0       0  STRCODE     2
                _time10_text                   0008A0  000010  0008B0      1140       0  STRCODE     2
                _time06_text                   000860  000010  000870      10C0       0  STRCODE     2
                _time02_text                   000820  000010  000830      1040       0  STRCODE     2
                _time11_text                   0008B0  000010  0008C0      1160       0  STRCODE     2
                _time03_text                   000830  000010  000840      1060       0  STRCODE     2
                _time08_text                   000880  000010  000890      1100       0  STRCODE     2
                _time07_text                   000870  000010  000880      10E0       0  STRCODE     2
                _time12_text                   0008C0  000010  0008D0      1180       0  STRCODE     2
                _time14_text                   0008E0  000010  0008F0      11C0       0  STRCODE     2
                _time05_text                   000850  000010  000860      10A0       0  STRCODE     2
                _time00_text                   000800  000010  000810      1000       0  STRCODE     2


UNUSED ADDRESS RANGES

        Name                Unused          Largest block    Delta
        BANK0            0005B-0006F              15           1
        BANK1            000A0-000EF              50           1
        BANK2            00120-0016F              50           1
        BANK3            001A0-001EF              50           1
        BANK4            00220-0026F              50           1
        BANK5            002A0-002EF              50           1
        BANK6            00320-0032F              10           1
        BIGRAM           02000-021EF             1F0           1
        CODE             00002-00003               2           2
                         00494-007FF             36C
                         00904-00FFF             6FC
        CONST            00002-00003               2           2
                         00494-007FF             100
                         00904-00FFF             100
        EEDATA           0F000-0F0FF             100           2
        ENTRY            00002-00003               2           2
                         00494-007FF             100
                         00904-00FFF             100
        IDLOC            08000-08003               4           2
        RAM              0005B-0006F              15           1
                         000A0-000EF              50
                         00120-0016F              50
                         001A0-001EF              50
                         00220-0026F              50
                         002A0-002EF              50
                         00320-0032F              10
        SFR0             00000-0001F              20           1
        SFR1             00080-0009F              20           1
        SFR10            00500-0056F              70           1
        SFR11            00580-005EF              70           1
        SFR12            00600-0066F              70           1
        SFR13            00680-006EF              70           1
        SFR14            00700-0076F              70           1
        SFR15            00780-007EF              70           1
        SFR16            00800-0086F              70           1
        SFR17            00880-008EF              70           1
        SFR18            00900-0096F              70           1
        SFR19            00980-009EF              70           1
        SFR2             00100-0011F              20           1
        SFR20            00A00-00A6F              70           1
        SFR21            00A80-00AEF              70           1
        SFR22            00B00-00B6F              70           1
        SFR23            00B80-00BEF              70           1
        SFR24            00C00-00C6F              70           1
        SFR25            00C80-00CEF              70           1
        SFR26            00D00-00D6F              70           1
        SFR27            00D80-00DEF              70           1
        SFR28            00E00-00E6F              70           1
        SFR29            00E80-00EEF              70           1
        SFR3             00180-0019F              20           1
        SFR30            00F00-00F6F              70           1
        SFR31            00F80-00FEF              70           1
        SFR4             00200-0021F              20           1
        SFR5             00280-0029F              20           1
        SFR6             00300-0031F              20           1
        SFR7             00380-003EF              70           1
        SFR8             00400-0046F              70           1
        SFR9             00480-004EF              70           1
        STACK            0203B-021EF             1B5           1
        STRCODE          00002-00003               2           2
                         00494-007FF             36C
                         00904-00FFF             6FC
        STRING           00002-00003               2           2
                         00494-007FF             100
                         00904-00FFF             100

                                  Symbol Table

?_ADC_GetConversion                       cstackBANK0  00047
?_FLASH_ReadWord                          cstackBANK0  00047
?_time_lookup                             cstackBANK0  0004A
ADC_GetConversion@channel                 cstackBANK0  0004B
FLASH_ReadWord@GIEBitValue                cstackBANK0  00049
FLASH_ReadWord@flashAddr                  cstackBANK0  00047
TMR2_SetInterruptHandler@InterruptHandler cstackBANK0  00047
_ADACT                                    (abs)        0009F
_ADCON0                                   (abs)        0009D
_ADCON0bits                               (abs)        0009D
_ADCON1                                   (abs)        0009E
_ADC_GetConversion                        text13       003D0
_ADC_Initialize                           text12       00476
_ADRESH                                   (abs)        0009C
_ADRESL                                   (abs)        0009B
_ANSELA                                   (abs)        0018C
_ANSELB                                   (abs)        0018D
_ANSELC                                   (abs)        0018E
_FLASH_ReadWord                           text2        003F2
_INLVLA                                   (abs)        0038C
_INLVLB                                   (abs)        0038D
_INLVLC                                   (abs)        0038E
_INTCONbits                               (abs)        0000B
_INTERRUPT_InterruptManager               intentry     00004
_LATA                                     (abs)        0010C
_LATB                                     (abs)        0010D
_LATBbits                                 (abs)        0010D
_LATC                                     (abs)        0010E
_NVMADRH                                  (abs)        00892
_NVMADRL                                  (abs)        00891
_NVMCON1bits                              (abs)        00895
_NVMCON2                                  (abs)        00896
_NVMDATH                                  (abs)        00894
_NVMDATL                                  (abs)        00893
_ODCONA                                   (abs)        0028C
_ODCONB                                   (abs)        0028D
_ODCONC                                   (abs)        0028E
_OSCCON1                                  (abs)        00919
_OSCCON3                                  (abs)        0091B
_OSCEN                                    (abs)        0091D
_OSCFRQ                                   (abs)        0091F
_OSCILLATOR_Initialize                    text11       0046D
_OSCTUNE                                  (abs)        0091E
_PIE1bits                                 (abs)        00091
_PIN_MANAGER_Initialize                   text10       002F1
_PIR1bits                                 (abs)        00011
_PMD0                                     (abs)        00911
_PMD1                                     (abs)        00912
_PMD2                                     (abs)        00913
_PMD3                                     (abs)        00914
_PMD4                                     (abs)        00915
_PMD5                                     (abs)        00916
_PMD_Initialize                           text9        00461
_PORTAbits                                (abs)        0000C
_PR2                                      (abs)        0001E
_RB6PPS                                   (abs)        00E9E
_RC7PPS                                   (abs)        00EA7
_SLRCONA                                  (abs)        0030C
_SLRCONB                                  (abs)        0030D
_SLRCONC                                  (abs)        0030E
_SPI1_Initialize                          text8        00412
_SSP1ADD                                  (abs)        00212
_SSP1BUF                                  (abs)        00211
_SSP1CLKPPS                               (abs)        00E20
_SSP1CON1                                 (abs)        00215
_SSP1CON1bits                             (abs)        00215
_SSP1CON2                                 (abs)        00216
_SSP1DATPPS                               (abs)        00E21
_SSP1STAT                                 (abs)        00214
_SYSTEM_Initialize                        text4        0042A
_T2CON                                    (abs)        0001F
_T2CONbits                                (abs)        0001F
_TMR2                                     (abs)        0001D
_TMR2_DefaultInterruptHandler             text16       00493
_TMR2_ISR                                 text15       00453
_TMR2_Initialize                          text6        00440
_TMR2_InterruptHandler                    nvBANK0      00059
_TMR2_SetInterruptHandler                 text7        00485
_TRISA                                    (abs)        0008C
_TRISB                                    (abs)        0008D
_TRISBbits                                (abs)        0008D
_TRISC                                    (abs)        0008E
_TRISCbits                                (abs)        0008E
_Timer2ISR                                text17       003AD
_WDTCON                                   (abs)        00097
_WDT_Initialize                           text5        0048F
_WPUA                                     (abs)        0020C
_WPUB                                     (abs)        0020D
_WPUC                                     (abs)        0020E
__H_time00_text                           _time00_text 00810
__H_time01_text                           _time01_text 00820
__H_time02_text                           _time02_text 00830
__H_time03_text                           _time03_text 00840
__H_time04_text                           _time04_text 00850
__H_time05_text                           _time05_text 00860
__H_time06_text                           _time06_text 00870
__H_time07_text                           _time07_text 00880
__H_time08_text                           _time08_text 00890
__H_time09_text                           _time09_text 008A0
__H_time10_text                           _time10_text 008B0
__H_time11_text                           _time11_text 008C0
__H_time12_text                           _time12_text 008D0
__H_time13_text                           _time13_text 008E0
__H_time14_text                           _time14_text 008F0
__H_time15_text                           _time15_text 00900
__Habs1                                   abs1         00000
__Hbank0                                  bank0        00000
__Hbank1                                  bank1        00000
__Hbank10                                 bank10       00000
__Hbank11                                 bank11       00000
__Hbank12                                 bank12       00000
__Hbank13                                 bank13       00000
__Hbank14                                 bank14       00000
__Hbank15                                 bank15       00000
__Hbank16                                 bank16       00000
__Hbank17                                 bank17       00000
__Hbank18                                 bank18       00000
__Hbank19                                 bank19       00000
__Hbank2                                  bank2        00000
__Hbank20                                 bank20       00000
__Hbank21                                 bank21       00000
__Hbank22                                 bank22       00000
__Hbank23                                 bank23       00000
__Hbank24                                 bank24       00000
__Hbank25                                 bank25       00000
__Hbank26                                 bank26       00000
__Hbank27                                 bank27       00000
__Hbank28                                 bank28       00000
__Hbank29                                 bank29       00000
__Hbank3                                  bank3        00000
__Hbank30                                 bank30       00000
__Hbank31                                 bank31       00000
__Hbank4                                  bank4        00000
__Hbank5                                  bank5        00000
__Hbank6                                  bank6        00000
__Hbank7                                  bank7        00000
__Hbank8                                  bank8        00000
__Hbank9                                  bank9        00000
__Hbigram                                 bigram       00000
__HbssBANK0                               bssBANK0     00000
__Hcinit                                  cinit        00037
__Hclrtext                                clrtext      00000
__Hcode                                   code         00000
__Hcommon                                 common       00000
__Hconfig                                 config       0800B
__HcstackBANK0                            cstackBANK0  00000
__HcstackCOMMON                           cstackCOMMON 00000
__HdataBANK0                              dataBANK0    00000
__Heeprom_data                            eeprom_data  00000
__Hend_init                               end_init     0001B
__Hfunctab                                functab      00000
__HidataBANK0                             idataBANK0   00000
__Hinit                                   init         00019
__Hintentry                               intentry     00019
__Hmaintext                               maintext     00000
__HnvBANK0                                nvBANK0      00000
__Hpowerup                                powerup      00000
__Hram                                    ram          00000
__Hreset_vec                              reset_vec    00002
__Hsfr0                                   sfr0         00000
__Hsfr1                                   sfr1         00000
__Hsfr10                                  sfr10        00000
__Hsfr11                                  sfr11        00000
__Hsfr12                                  sfr12        00000
__Hsfr13                                  sfr13        00000
__Hsfr14                                  sfr14        00000
__Hsfr15                                  sfr15        00000
__Hsfr16                                  sfr16        00000
__Hsfr17                                  sfr17        00000
__Hsfr18                                  sfr18        00000
__Hsfr19                                  sfr19        00000
__Hsfr2                                   sfr2         00000
__Hsfr20                                  sfr20        00000
__Hsfr21                                  sfr21        00000
__Hsfr22                                  sfr22        00000
__Hsfr23                                  sfr23        00000
__Hsfr24                                  sfr24        00000
__Hsfr25                                  sfr25        00000
__Hsfr26                                  sfr26        00000
__Hsfr27                                  sfr27        00000
__Hsfr28                                  sfr28        00000
__Hsfr29                                  sfr29        00000
__Hsfr3                                   sfr3         00000
__Hsfr30                                  sfr30        00000
__Hsfr31                                  sfr31        00000
__Hsfr4                                   sfr4         00000
__Hsfr5                                   sfr5         00000
__Hsfr6                                   sfr6         00000
__Hsfr7                                   sfr7         00000
__Hsfr8                                   sfr8         00000
__Hsfr9                                   sfr9         00000
__Hspace_0                                (abs)        00904
__Hspace_1                                (abs)        0007E
__Hspace_2                                (abs)        00000
__Hspace_3                                (abs)        00000
__Hspace_4                                (abs)        10012
__Hstack                                  stack        00000
__Hstrings                                strings      00000
__Hstringtext1                            stringtext1  00000
__Htext                                   text         00000
__L_time00_text                           _time00_text 00800
__L_time01_text                           _time01_text 00810
__L_time02_text                           _time02_text 00820
__L_time03_text                           _time03_text 00830
__L_time04_text                           _time04_text 00840
__L_time05_text                           _time05_text 00850
__L_time06_text                           _time06_text 00860
__L_time07_text                           _time07_text 00870
__L_time08_text                           _time08_text 00880
__L_time09_text                           _time09_text 00890
__L_time10_text                           _time10_text 008A0
__L_time11_text                           _time11_text 008B0
__L_time12_text                           _time12_text 008C0
__L_time13_text                           _time13_text 008D0
__L_time14_text                           _time14_text 008E0
__L_time15_text                           _time15_text 008F0
__Labs1                                   abs1         00000
__Lbank0                                  bank0        00000
__Lbank1                                  bank1        00000
__Lbank10                                 bank10       00000
__Lbank11                                 bank11       00000
__Lbank12                                 bank12       00000
__Lbank13                                 bank13       00000
__Lbank14                                 bank14       00000
__Lbank15                                 bank15       00000
__Lbank16                                 bank16       00000
__Lbank17                                 bank17       00000
__Lbank18                                 bank18       00000
__Lbank19                                 bank19       00000
__Lbank2                                  bank2        00000
__Lbank20                                 bank20       00000
__Lbank21                                 bank21       00000
__Lbank22                                 bank22       00000
__Lbank23                                 bank23       00000
__Lbank24                                 bank24       00000
__Lbank25                                 bank25       00000
__Lbank26                                 bank26       00000
__Lbank27                                 bank27       00000
__Lbank28                                 bank28       00000
__Lbank29                                 bank29       00000
__Lbank3                                  bank3        00000
__Lbank30                                 bank30       00000
__Lbank31                                 bank31       00000
__Lbank4                                  bank4        00000
__Lbank5                                  bank5        00000
__Lbank6                                  bank6        00000
__Lbank7                                  bank7        00000
__Lbank8                                  bank8        00000
__Lbank9                                  bank9        00000
__Lbigram                                 bigram       00000
__LbssBANK0                               bssBANK0     00000
__Lcinit                                  cinit        0001B
__Lclrtext                                clrtext      00000
__Lcode                                   code         00000
__Lcommon                                 common       00000
__Lconfig                                 config       00000
__LcstackBANK0                            cstackBANK0  00000
__LcstackCOMMON                           cstackCOMMON 00000
__LdataBANK0                              dataBANK0    00000
__Leeprom_data                            eeprom_data  00000
__Lend_init                               end_init     00019
__Lfunctab                                functab      00000
__LidataBANK0                             idataBANK0   00000
__Linit                                   init         00019
__Lintentry                               intentry     00004
__Lmaintext                               maintext     00000
__LnvBANK0                                nvBANK0      00000
__Lpowerup                                powerup      00000
__Lram                                    ram          00000
__Lreset_vec                              reset_vec    00000
__Lsfr0                                   sfr0         00000
__Lsfr1                                   sfr1         00000
__Lsfr10                                  sfr10        00000
__Lsfr11                                  sfr11        00000
__Lsfr12                                  sfr12        00000
__Lsfr13                                  sfr13        00000
__Lsfr14                                  sfr14        00000
__Lsfr15                                  sfr15        00000
__Lsfr16                                  sfr16        00000
__Lsfr17                                  sfr17        00000
__Lsfr18                                  sfr18        00000
__Lsfr19                                  sfr19        00000
__Lsfr2                                   sfr2         00000
__Lsfr20                                  sfr20        00000
__Lsfr21                                  sfr21        00000
__Lsfr22                                  sfr22        00000
__Lsfr23                                  sfr23        00000
__Lsfr24                                  sfr24        00000
__Lsfr25                                  sfr25        00000
__Lsfr26                                  sfr26        00000
__Lsfr27                                  sfr27        00000
__Lsfr28                                  sfr28        00000
__Lsfr29                                  sfr29        00000
__Lsfr3                                   sfr3         00000
__Lsfr30                                  sfr30        00000
__Lsfr31                                  sfr31        00000
__Lsfr4                                   sfr4         00000
__Lsfr5                                   sfr5         00000
__Lsfr6                                   sfr6         00000
__Lsfr7                                   sfr7         00000
__Lsfr8                                   sfr8         00000
__Lsfr9                                   sfr9         00000
__Lspace_0                                (abs)        00000
__Lspace_1                                (abs)        00000
__Lspace_2                                (abs)        00000
__Lspace_3                                (abs)        00000
__Lspace_4                                (abs)        00000
__Lstack                                  stack        00000
__Lstrings                                strings      00000
__Lstringtext1                            stringtext1  00000
__Ltext                                   text         00000
__S0                                      (abs)        00904
__S1                                      (abs)        0007E
__S2                                      (abs)        00000
__S3                                      (abs)        00000
___int_sp                                 stack        00000
___latbits                                (abs)        00001
___sp                                     stack        00000
___stackhi                                (abs)        021EF
___stacklo                                (abs)        0203B
__end_of_ADC_GetConversion                text13       003F2
__end_of_ADC_Initialize                   text12       0047F
__end_of_FLASH_ReadWord                   text2        00412
__end_of_INTERRUPT_InterruptManager       intentry     00019
__end_of_OSCILLATOR_Initialize            text11       00476
__end_of_PIN_MANAGER_Initialize           text10       00326
__end_of_PMD_Initialize                   text9        0046D
__end_of_SPI1_Initialize                  text8        0042A
__end_of_SYSTEM_Initialize                text4        00440
__end_of_TMR2_DefaultInterruptHandler     text16       00494
__end_of_TMR2_ISR                         text15       00461
__end_of_TMR2_Initialize                  text6        00453
__end_of_TMR2_SetInterruptHandler         text7        0048B
__end_of_Timer2ISR                        text17       003D0
__end_of_WDT_Initialize                   text5        00493
__end_of__initialization                  cinit        00033
__end_of_envelope_control                 text19       001F3
__end_of_load_dac                         text3        00356
__end_of_main                             maintext     002F1
__end_of_spi1_configuration               stringtext1  00904
__end_of_time00                           _time00_text 00810
__end_of_time01                           _time01_text 00820
__end_of_time02                           _time02_text 00830
__end_of_time03                           _time03_text 00840
__end_of_time04                           _time04_text 00850
__end_of_time05                           _time05_text 00860
__end_of_time06                           _time06_text 00870
__end_of_time07                           _time07_text 00880
__end_of_time08                           _time08_text 00890
__end_of_time09                           _time09_text 008A0
__end_of_time10                           _time10_text 008B0
__end_of_time11                           _time11_text 008C0
__end_of_time12                           _time12_text 008D0
__end_of_time13                           _time13_text 008E0
__end_of_time14                           _time14_text 008F0
__end_of_time15                           _time15_text 00900
__end_of_time_lookup                      text1        00382
__end_ofi1_load_dac                       text18       003AD
__initialization                          cinit        0001B
__p_time00_text                           _time00_text 00800
__p_time01_text                           _time01_text 00810
__p_time02_text                           _time02_text 00820
__p_time03_text                           _time03_text 00830
__p_time04_text                           _time04_text 00840
__p_time05_text                           _time05_text 00850
__p_time06_text                           _time06_text 00860
__p_time07_text                           _time07_text 00870
__p_time08_text                           _time08_text 00880
__p_time09_text                           _time09_text 00890
__p_time10_text                           _time10_text 008A0
__p_time11_text                           _time11_text 008B0
__p_time12_text                           _time12_text 008C0
__p_time13_text                           _time13_text 008D0
__p_time14_text                           _time14_text 008E0
__p_time15_text                           _time15_text 008F0
__pbssBANK0                               bssBANK0     00020
__pcstackBANK0                            cstackBANK0  00042
__pcstackCOMMON                           cstackCOMMON 00070
__pdataBANK0                              dataBANK0    00055
__pidataBANK0                             idataBANK0   0048B
__pintentry                               intentry     00004
__pmaintext                               maintext     001F3
__pnvBANK0                                nvBANK0      00059
__pstringtext1                            stringtext1  00900
__ptext1                                  text1        00356
__ptext10                                 text10       002F1
__ptext11                                 text11       0046D
__ptext12                                 text12       00476
__ptext13                                 text13       003D0
__ptext15                                 text15       00453
__ptext16                                 text16       00493
__ptext17                                 text17       003AD
__ptext18                                 text18       00382
__ptext19                                 text19       00037
__ptext2                                  text2        003F2
__ptext3                                  text3        00326
__ptext4                                  text4        0042A
__ptext5                                  text5        0048F
__ptext6                                  text6        00440
__ptext7                                  text7        00485
__ptext8                                  text8        00412
__ptext9                                  text9        00461
__size_of_ADC_GetConversion               (abs)        00000
__size_of_ADC_Initialize                  (abs)        00000
__size_of_FLASH_ReadWord                  (abs)        00000
__size_of_INTERRUPT_InterruptManager      (abs)        00000
__size_of_OSCILLATOR_Initialize           (abs)        00000
__size_of_PIN_MANAGER_Initialize          (abs)        00000
__size_of_PMD_Initialize                  (abs)        00000
__size_of_SPI1_Initialize                 (abs)        00000
__size_of_SYSTEM_Initialize               (abs)        00000
__size_of_TMR2_DefaultInterruptHandler    (abs)        00000
__size_of_TMR2_ISR                        (abs)        00000
__size_of_TMR2_Initialize                 (abs)        00000
__size_of_TMR2_SetInterruptHandler        (abs)        00000
__size_of_Timer2ISR                       (abs)        00000
__size_of_WDT_Initialize                  (abs)        00000
__size_of_envelope_control                (abs)        00000
__size_of_load_dac                        (abs)        00000
__size_of_main                            (abs)        00000
__size_of_time_lookup                     (abs)        00000
__size_ofi1_load_dac                      (abs)        00000
_adc_chans                                dataBANK0    00055
_adc_vals                                 bssBANK0     00028
_attack                                   bssBANK0     00038
_decay                                    bssBANK0     00034
_env_level                                bssBANK0     00020
_env_state                                bssBANK0     0003E
_envelope_control                         text19       00037
_gate_state                               bssBANK0     0003C
_load_dac                                 text3        00326
_main                                     maintext     001F3
_release                                  bssBANK0     0002C
_spi1_configuration                       stringtext1  00900
_sustain                                  bssBANK0     00030
_time00                                   _time00_text 00800
_time00_absaddr                           (abs)        00800
_time01                                   _time01_text 00810
_time01_absaddr                           (abs)        00810
_time02                                   _time02_text 00820
_time02_absaddr                           (abs)        00820
_time03                                   _time03_text 00830
_time03_absaddr                           (abs)        00830
_time04                                   _time04_text 00840
_time04_absaddr                           (abs)        00840
_time05                                   _time05_text 00850
_time05_absaddr                           (abs)        00850
_time06                                   _time06_text 00860
_time06_absaddr                           (abs)        00860
_time07                                   _time07_text 00870
_time07_absaddr                           (abs)        00870
_time08                                   _time08_text 00880
_time08_absaddr                           (abs)        00880
_time09                                   _time09_text 00890
_time09_absaddr                           (abs)        00890
_time10                                   _time10_text 008A0
_time10_absaddr                           (abs)        008A0
_time11                                   _time11_text 008B0
_time11_absaddr                           (abs)        008B0
_time12                                   _time12_text 008C0
_time12_absaddr                           (abs)        008C0
_time13                                   _time13_text 008D0
_time13_absaddr                           (abs)        008D0
_time14                                   _time14_text 008E0
_time14_absaddr                           (abs)        008E0
_time15                                   _time15_text 008F0
_time15_absaddr                           (abs)        008F0
_time_lookup                              text1        00356
btemp                                     (abs)        0007E
clear_ram0                                clrtext      0047F
end_of_initialization                     cinit        00033
envelope_control@chan                     cstackCOMMON 0007D
envelope_control@gate                     cstackCOMMON 00070
i1_load_dac                               text18       00382
i1load_dac@chan                           cstackCOMMON 00074
i1load_dac@dac_bits                       cstackCOMMON 00077
i1load_dac@temp_h                         cstackCOMMON 00075
i1load_dac@temp_l                         cstackCOMMON 00076
i1load_dac@val                            cstackCOMMON 00070
int$flags                                 (abs)        0007E
intlevel0                                 functab      00000
intlevel1                                 functab      00000
intlevel2                                 functab      00000
intlevel3                                 functab      00000
intlevel4                                 functab      00000
intlevel5                                 functab      00000
load_dac@chan                             cstackBANK0  0004B
load_dac@dac_bits                         cstackBANK0  0004E
load_dac@temp_h                           cstackBANK0  0004C
load_dac@temp_l                           cstackBANK0  0004D
load_dac@val                              cstackBANK0  00047
main@chan_sel                             cstackBANK0  00054
reset_vec                                 reset_vec    00000
start                                     init         00019
start_initialization                      cinit        0001B
time_lookup@temp                          cstackBANK0  0004F
time_lookup@val                           cstackBANK0  00050
wtemp0                                    (abs)        0007E


FUNCTION INFORMATION:

 *************** function _main *****************
 Defined at:
		line 95 in file "main.c"
 Parameters:    Size  Location     Type
		None
 Auto vars:     Size  Location     Type
  chan_sel        1   18[BANK0 ] unsigned char 
 Return value:  Size  Location     Type
                  1    wreg      void 
 Registers used:
		wreg, fsr0l, fsr0h, fsr1l, fsr1h, status,2, status,0, pclath, cstack
 Tracked objects:
		On entry : 
		On exit  : 
		Unchanged: 
 Data sizes:     COMMON   BANK0   BANK1   BANK2   BANK3   BANK4   BANK5   BANK6
      Params:         0       0       0       0       0       0       0       0
      Locals:         0       1       0       0       0       0       0       0
      Temps:          0       3       0       0       0       0       0       0
      Totals:         0       4       0       0       0       0       0       0
Total ram usage:        4 bytes
 Hardware stack levels required when called:    7
 This function calls:
		_ADC_GetConversion
		_SYSTEM_Initialize
		_TMR2_SetInterruptHandler
		_load_dac
		_time_lookup
 This function is called by:
		Startup code after reset
 This function uses a non-reentrant model


 *************** function _time_lookup *****************
 Defined at:
		line 363 in file "main.c"
 Parameters:    Size  Location     Type
  val             1    wreg     unsigned char 
 Auto vars:     Size  Location     Type
  val             1   14[BANK0 ] unsigned char 
  temp            1   13[BANK0 ] unsigned char 
 Return value:  Size  Location     Type
                  2    8[BANK0 ] unsigned int 
 Registers used:
		wreg, status,2, status,0, pclath, cstack
 Tracked objects:
		On entry : 
		On exit  : 
		Unchanged: 
 Data sizes:     COMMON   BANK0   BANK1   BANK2   BANK3   BANK4   BANK5   BANK6
      Params:         0       2       0       0       0       0       0       0
      Locals:         0       2       0       0       0       0       0       0
      Temps:          0       3       0       0       0       0       0       0
      Totals:         0       7       0       0       0       0       0       0
Total ram usage:        7 bytes
 Hardware stack levels used:    1
 Hardware stack levels required when called:    5
 This function calls:
		_FLASH_ReadWord
 This function is called by:
		_main
 This function uses a non-reentrant model


 *************** function _FLASH_ReadWord *****************
 Defined at:
		line 58 in file "mcc_generated_files/memory.c"
 Parameters:    Size  Location     Type
  flashAddr       2    5[BANK0 ] unsigned short 
 Auto vars:     Size  Location     Type
  GIEBitValue     1    7[BANK0 ] unsigned char 
 Return value:  Size  Location     Type
                  2    5[BANK0 ] unsigned short 
 Registers used:
		wreg, status,2, status,0
 Tracked objects:
		On entry : 
		On exit  : 
		Unchanged: 
 Data sizes:     COMMON   BANK0   BANK1   BANK2   BANK3   BANK4   BANK5   BANK6
      Params:         0       2       0       0       0       0       0       0
      Locals:         0       1       0       0       0       0       0       0
      Temps:          0       0       0       0       0       0       0       0
      Totals:         0       3       0       0       0       0       0       0
Total ram usage:        3 bytes
 Hardware stack levels used:    1
 Hardware stack levels required when called:    4
 This function calls:
		Nothing
 This function is called by:
		_time_lookup
		_FLASH_WriteWord
 This function uses a non-reentrant model


 *************** function _load_dac *****************
 Defined at:
		line 241 in file "main.c"
 Parameters:    Size  Location     Type
  chan            1    wreg     unsigned char 
  val             2    5[BANK0 ] unsigned int 
 Auto vars:     Size  Location     Type
  chan            1    9[BANK0 ] unsigned char 
  dac_bits        1   12[BANK0 ] unsigned char 
  temp_l          1   11[BANK0 ] unsigned char 
  temp_h          1   10[BANK0 ] unsigned char 
  read_buf        1    0        unsigned char 
 Return value:  Size  Location     Type
                  1    wreg      void 
 Registers used:
		wreg, status,2, status,0
 Tracked objects:
		On entry : 
		On exit  : 
		Unchanged: 
 Data sizes:     COMMON   BANK0   BANK1   BANK2   BANK3   BANK4   BANK5   BANK6
      Params:         0       2       0       0       0       0       0       0
      Locals:         0       5       0       0       0       0       0       0
      Temps:          0       1       0       0       0       0       0       0
      Totals:         0       8       0       0       0       0       0       0
Total ram usage:        8 bytes
 Hardware stack levels used:    1
 Hardware stack levels required when called:    4
 This function calls:
		Nothing
 This function is called by:
		_main
 This function uses a non-reentrant model


 *************** function _SYSTEM_Initialize *****************
 Defined at:
		line 50 in file "mcc_generated_files/mcc.c"
 Parameters:    Size  Location     Type
		None
 Auto vars:     Size  Location     Type
		None
 Return value:  Size  Location     Type
                  1    wreg      void 
 Registers used:
		wreg, status,2, status,0, pclath, cstack
 Tracked objects:
		On entry : 
		On exit  : 
		Unchanged: 
 Data sizes:     COMMON   BANK0   BANK1   BANK2   BANK3   BANK4   BANK5   BANK6
      Params:         0       0       0       0       0       0       0       0
      Locals:         0       0       0       0       0       0       0       0
      Temps:          0       0       0       0       0       0       0       0
      Totals:         0       0       0       0       0       0       0       0
Total ram usage:        0 bytes
 Hardware stack levels used:    1
 Hardware stack levels required when called:    6
 This function calls:
		_ADC_Initialize
		_OSCILLATOR_Initialize
		_PIN_MANAGER_Initialize
		_PMD_Initialize
		_SPI1_Initialize
		_TMR2_Initialize
		_WDT_Initialize
 This function is called by:
		_main
 This function uses a non-reentrant model


 *************** function _WDT_Initialize *****************
 Defined at:
		line 76 in file "mcc_generated_files/mcc.c"
 Parameters:    Size  Location     Type
		None
 Auto vars:     Size  Location     Type
		None
 Return value:  Size  Location     Type
                  1    wreg      void 
 Registers used:
		wreg
 Tracked objects:
		On entry : 
		On exit  : 
		Unchanged: 
 Data sizes:     COMMON   BANK0   BANK1   BANK2   BANK3   BANK4   BANK5   BANK6
      Params:         0       0       0       0       0       0       0       0
      Locals:         0       0       0       0       0       0       0       0
      Temps:          0       0       0       0       0       0       0       0
      Totals:         0       0       0       0       0       0       0       0
Total ram usage:        0 bytes
 Hardware stack levels used:    1
 Hardware stack levels required when called:    4
 This function calls:
		Nothing
 This function is called by:
		_SYSTEM_Initialize
 This function uses a non-reentrant model


 *************** function _TMR2_Initialize *****************
 Defined at:
		line 64 in file "mcc_generated_files/tmr2.c"
 Parameters:    Size  Location     Type
		None
 Auto vars:     Size  Location     Type
		None
 Return value:  Size  Location     Type
                  1    wreg      void 
 Registers used:
		wreg, status,2, status,0, pclath, cstack
 Tracked objects:
		On entry : 
		On exit  : 
		Unchanged: 
 Data sizes:     COMMON   BANK0   BANK1   BANK2   BANK3   BANK4   BANK5   BANK6
      Params:         0       0       0       0       0       0       0       0
      Locals:         0       0       0       0       0       0       0       0
      Temps:          0       0       0       0       0       0       0       0
      Totals:         0       0       0       0       0       0       0       0
Total ram usage:        0 bytes
 Hardware stack levels used:    1
 Hardware stack levels required when called:    5
 This function calls:
		_TMR2_SetInterruptHandler
 This function is called by:
		_SYSTEM_Initialize
 This function uses a non-reentrant model


 *************** function _TMR2_SetInterruptHandler *****************
 Defined at:
		line 132 in file "mcc_generated_files/tmr2.c"
 Parameters:    Size  Location     Type
  InterruptHan    2    5[BANK0 ] PTR FTN()void 
		 -> Timer2ISR(1), TMR2_DefaultInterruptHandler(1), 
 Auto vars:     Size  Location     Type
		None
 Return value:  Size  Location     Type
                  1    wreg      void 
 Registers used:
		wreg
 Tracked objects:
		On entry : 
		On exit  : 
		Unchanged: 
 Data sizes:     COMMON   BANK0   BANK1   BANK2   BANK3   BANK4   BANK5   BANK6
      Params:         0       2       0       0       0       0       0       0
      Locals:         0       0       0       0       0       0       0       0
      Temps:          0       0       0       0       0       0       0       0
      Totals:         0       2       0       0       0       0       0       0
Total ram usage:        2 bytes
 Hardware stack levels used:    1
 Hardware stack levels required when called:    4
 This function calls:
		Nothing
 This function is called by:
		_TMR2_Initialize
		_main
 This function uses a non-reentrant model


 *************** function _SPI1_Initialize *****************
 Defined at:
		line 62 in file "mcc_generated_files/spi1.c"
 Parameters:    Size  Location     Type
		None
 Auto vars:     Size  Location     Type
		None
 Return value:  Size  Location     Type
                  1    wreg      void 
 Registers used:
		wreg
 Tracked objects:
		On entry : 
		On exit  : 
		Unchanged: 
 Data sizes:     COMMON   BANK0   BANK1   BANK2   BANK3   BANK4   BANK5   BANK6
      Params:         0       0       0       0       0       0       0       0
      Locals:         0       0       0       0       0       0       0       0
      Temps:          0       0       0       0       0       0       0       0
      Totals:         0       0       0       0       0       0       0       0
Total ram usage:        0 bytes
 Hardware stack levels used:    1
 Hardware stack levels required when called:    4
 This function calls:
		Nothing
 This function is called by:
		_SYSTEM_Initialize
 This function uses a non-reentrant model


 *************** function _PMD_Initialize *****************
 Defined at:
		line 82 in file "mcc_generated_files/mcc.c"
 Parameters:    Size  Location     Type
		None
 Auto vars:     Size  Location     Type
		None
 Return value:  Size  Location     Type
                  1    wreg      void 
 Registers used:
		wreg, status,2
 Tracked objects:
		On entry : 
		On exit  : 
		Unchanged: 
 Data sizes:     COMMON   BANK0   BANK1   BANK2   BANK3   BANK4   BANK5   BANK6
      Params:         0       0       0       0       0       0       0       0
      Locals:         0       0       0       0       0       0       0       0
      Temps:          0       0       0       0       0       0       0       0
      Totals:         0       0       0       0       0       0       0       0
Total ram usage:        0 bytes
 Hardware stack levels used:    1
 Hardware stack levels required when called:    4
 This function calls:
		Nothing
 This function is called by:
		_SYSTEM_Initialize
 This function uses a non-reentrant model


 *************** function _PIN_MANAGER_Initialize *****************
 Defined at:
		line 55 in file "mcc_generated_files/pin_manager.c"
 Parameters:    Size  Location     Type
		None
 Auto vars:     Size  Location     Type
		None
 Return value:  Size  Location     Type
                  1    wreg      void 
 Registers used:
		wreg, status,2
 Tracked objects:
		On entry : 
		On exit  : 
		Unchanged: 
 Data sizes:     COMMON   BANK0   BANK1   BANK2   BANK3   BANK4   BANK5   BANK6
      Params:         0       0       0       0       0       0       0       0
      Locals:         0       0       0       0       0       0       0       0
      Temps:          0       0       0       0       0       0       0       0
      Totals:         0       0       0       0       0       0       0       0
Total ram usage:        0 bytes
 Hardware stack levels used:    1
 Hardware stack levels required when called:    4
 This function calls:
		Nothing
 This function is called by:
		_SYSTEM_Initialize
 This function uses a non-reentrant model


 *************** function _OSCILLATOR_Initialize *****************
 Defined at:
		line 62 in file "mcc_generated_files/mcc.c"
 Parameters:    Size  Location     Type
		None
 Auto vars:     Size  Location     Type
		None
 Return value:  Size  Location     Type
                  1    wreg      void 
 Registers used:
		wreg, status,2
 Tracked objects:
		On entry : 
		On exit  : 
		Unchanged: 
 Data sizes:     COMMON   BANK0   BANK1   BANK2   BANK3   BANK4   BANK5   BANK6
      Params:         0       0       0       0       0       0       0       0
      Locals:         0       0       0       0       0       0       0       0
      Temps:          0       0       0       0       0       0       0       0
      Totals:         0       0       0       0       0       0       0       0
Total ram usage:        0 bytes
 Hardware stack levels used:    1
 Hardware stack levels required when called:    4
 This function calls:
		Nothing
 This function is called by:
		_SYSTEM_Initialize
 This function uses a non-reentrant model


 *************** function _ADC_Initialize *****************
 Defined at:
		line 67 in file "mcc_generated_files/adc.c"
 Parameters:    Size  Location     Type
		None
 Auto vars:     Size  Location     Type
		None
 Return value:  Size  Location     Type
                  1    wreg      void 
 Registers used:
		wreg, status,2
 Tracked objects:
		On entry : 
		On exit  : 
		Unchanged: 
 Data sizes:     COMMON   BANK0   BANK1   BANK2   BANK3   BANK4   BANK5   BANK6
      Params:         0       0       0       0       0       0       0       0
      Locals:         0       0       0       0       0       0       0       0
      Temps:          0       0       0       0       0       0       0       0
      Totals:         0       0       0       0       0       0       0       0
Total ram usage:        0 bytes
 Hardware stack levels used:    1
 Hardware stack levels required when called:    4
 This function calls:
		Nothing
 This function is called by:
		_SYSTEM_Initialize
 This function uses a non-reentrant model


 *************** function _ADC_GetConversion *****************
 Defined at:
		line 115 in file "mcc_generated_files/adc.c"
 Parameters:    Size  Location     Type
  channel         1    wreg     enum E6469
 Auto vars:     Size  Location     Type
  channel         1    9[BANK0 ] enum E6469
 Return value:  Size  Location     Type
                  2    5[BANK0 ] unsigned short 
 Registers used:
		wreg, status,2, status,0
 Tracked objects:
		On entry : 
		On exit  : 
		Unchanged: 
 Data sizes:     COMMON   BANK0   BANK1   BANK2   BANK3   BANK4   BANK5   BANK6
      Params:         0       2       0       0       0       0       0       0
      Locals:         0       1       0       0       0       0       0       0
      Temps:          0       2       0       0       0       0       0       0
      Totals:         0       5       0       0       0       0       0       0
Total ram usage:        5 bytes
 Hardware stack levels used:    1
 Hardware stack levels required when called:    4
 This function calls:
		Nothing
 This function is called by:
		_main
 This function uses a non-reentrant model


 *************** function _INTERRUPT_InterruptManager *****************
 Defined at:
		line 52 in file "mcc_generated_files/interrupt_manager.c"
 Parameters:    Size  Location     Type
		None
 Auto vars:     Size  Location     Type
		None
 Return value:  Size  Location     Type
                  1    wreg      void 
 Registers used:
		wreg, fsr1l, fsr1h, status,2, status,0, pclath, cstack
 Tracked objects:
		On entry : 
		On exit  : 
		Unchanged: 
 Data sizes:     COMMON   BANK0   BANK1   BANK2   BANK3   BANK4   BANK5   BANK6
      Params:         0       0       0       0       0       0       0       0
      Locals:         0       0       0       0       0       0       0       0
      Temps:          0       0       0       0       0       0       0       0
      Totals:         0       0       0       0       0       0       0       0
Total ram usage:        0 bytes
 Hardware stack levels used:    1
 Hardware stack levels required when called:    3
 This function calls:
		_TMR2_ISR
 This function is called by:
		Interrupt level 1
 This function uses a non-reentrant model


 *************** function _TMR2_ISR *****************
 Defined at:
		line 119 in file "mcc_generated_files/tmr2.c"
 Parameters:    Size  Location     Type
		None
 Auto vars:     Size  Location     Type
		None
 Return value:  Size  Location     Type
                  1    wreg      void 
 Registers used:
		wreg, fsr1l, fsr1h, status,2, status,0, pclath, cstack
 Tracked objects:
		On entry : 
		On exit  : 
		Unchanged: 
 Data sizes:     COMMON   BANK0   BANK1   BANK2   BANK3   BANK4   BANK5   BANK6
      Params:         0       0       0       0       0       0       0       0
      Locals:         0       0       0       0       0       0       0       0
      Temps:          0       0       0       0       0       0       0       0
      Totals:         0       0       0       0       0       0       0       0
Total ram usage:        0 bytes
 Hardware stack levels used:    1
 Hardware stack levels required when called:    2
 This function calls:
		Absolute function
		_TMR2_DefaultInterruptHandler
		_Timer2ISR
 This function is called by:
		_INTERRUPT_InterruptManager
 This function uses a non-reentrant model


 *************** function _TMR2_DefaultInterruptHandler *****************
 Defined at:
		line 136 in file "mcc_generated_files/tmr2.c"
 Parameters:    Size  Location     Type
		None
 Auto vars:     Size  Location     Type
		None
 Return value:  Size  Location     Type
                  1    wreg      void 
 Registers used:
		None
 Tracked objects:
		On entry : 
		On exit  : 
		Unchanged: 
 Data sizes:     COMMON   BANK0   BANK1   BANK2   BANK3   BANK4   BANK5   BANK6
      Params:         0       0       0       0       0       0       0       0
      Locals:         0       0       0       0       0       0       0       0
      Temps:          0       0       0       0       0       0       0       0
      Totals:         0       0       0       0       0       0       0       0
Total ram usage:        0 bytes
 Hardware stack levels used:    1
 This function calls:
		Nothing
 This function is called by:
		_TMR2_Initialize
		_TMR2_ISR
 This function uses a non-reentrant model


 *************** function _Timer2ISR *****************
 Defined at:
		line 222 in file "main.c"
 Parameters:    Size  Location     Type
		None
 Auto vars:     Size  Location     Type
		None
 Return value:  Size  Location     Type
                  1    wreg      void 
 Registers used:
		wreg, fsr1l, fsr1h, status,2, status,0, pclath, cstack
 Tracked objects:
		On entry : 
		On exit  : 
		Unchanged: 
 Data sizes:     COMMON   BANK0   BANK1   BANK2   BANK3   BANK4   BANK5   BANK6
      Params:         0       0       0       0       0       0       0       0
      Locals:         0       0       0       0       0       0       0       0
      Temps:          0       5       0       0       0       0       0       0
      Totals:         0       5       0       0       0       0       0       0
Total ram usage:        5 bytes
 Hardware stack levels used:    1
 Hardware stack levels required when called:    1
 This function calls:
		_envelope_control
		i1_load_dac
 This function is called by:
		_main
		_TMR2_ISR
 This function uses a non-reentrant model


 *************** function i1_load_dac *****************
 Defined at:
		line 241 in file "main.c"
 Parameters:    Size  Location     Type
  chan            1    wreg     unsigned char 
  val             2    0[COMMON] unsigned int 
 Auto vars:     Size  Location     Type
  chan            1    4[COMMON] unsigned char 
  dac_bits        1    7[COMMON] unsigned char 
  temp_l          1    6[COMMON] unsigned char 
  temp_h          1    5[COMMON] unsigned char 
  read_buf        1    0        unsigned char 
 Return value:  Size  Location     Type
                  1    wreg      void 
 Registers used:
		wreg, status,2, status,0
 Tracked objects:
		On entry : 
		On exit  : 
		Unchanged: 
 Data sizes:     COMMON   BANK0   BANK1   BANK2   BANK3   BANK4   BANK5   BANK6
      Params:         2       0       0       0       0       0       0       0
      Locals:         5       0       0       0       0       0       0       0
      Temps:          1       0       0       0       0       0       0       0
      Totals:         8       0       0       0       0       0       0       0
Total ram usage:        8 bytes
 Hardware stack levels used:    1
 This function calls:
		Nothing
 This function is called by:
		_Timer2ISR
 This function uses a non-reentrant model


 *************** function _envelope_control *****************
 Defined at:
		line 290 in file "main.c"
 Parameters:    Size  Location     Type
  chan            1    wreg     unsigned char 
  gate            1    0[COMMON] unsigned char 
 Auto vars:     Size  Location     Type
  chan            1   13[COMMON] unsigned char 
 Return value:  Size  Location     Type
                  1    wreg      void 
 Registers used:
		wreg, fsr1l, fsr1h, status,2, status,0
 Tracked objects:
		On entry : 
		On exit  : 
		Unchanged: 
 Data sizes:     COMMON   BANK0   BANK1   BANK2   BANK3   BANK4   BANK5   BANK6
      Params:         1       0       0       0       0       0       0       0
      Locals:         1       0       0       0       0       0       0       0
      Temps:         12       0       0       0       0       0       0       0
      Totals:        14       0       0       0       0       0       0       0
Total ram usage:       14 bytes
 Hardware stack levels used:    1
 This function calls:
		Nothing
 This function is called by:
		_Timer2ISR
 This function uses a non-reentrant model



MODULE INFORMATION

Module		Function		Class		Link	Load	Size
mcc_generated_files/tmr2.c
		_TMR2_ISR      		CODE           	0453	0000	14
		_TMR2_Initialize		CODE           	0440	0000	19
		_TMR2_SetInterruptHandler		CODE           	0485	0000	6
		_TMR2_DefaultInterruptHandler		CODE           	0493	0000	1

mcc_generated_files/tmr2.c estimated size: 40

mcc_generated_files/interrupt_manager.c
		_INTERRUPT_InterruptManager		CODE           	0004	0000	21

mcc_generated_files/interrupt_manager.c estimated size: 21

mcc_generated_files/pin_manager.c
		_PIN_MANAGER_Initialize		CODE           	02F1	0000	53

mcc_generated_files/pin_manager.c estimated size: 53

mcc_generated_files/spi1.c
		_SPI1_Initialize		CODE           	0412	0000	24

mcc_generated_files/spi1.c estimated size: 24

mcc_generated_files/adc.c
		_ADC_Initialize		CODE           	0476	0000	9
		_ADC_GetConversion		CODE           	03D0	0000	34

mcc_generated_files/adc.c estimated size: 43

shared
		_time01        		STRCODE        	0810	0000	16
		_time04        		STRCODE        	0840	0000	16
		_time07        		STRCODE        	0870	0000	16
		_time11        		STRCODE        	08B0	0000	16
		_time14        		STRCODE        	08E0	0000	16
		i1_load_dac    		CODE           	0382	0000	43
		_time02        		STRCODE        	0820	0000	16
		_time05        		STRCODE        	0850	0000	16
		_time08        		STRCODE        	0880	0000	16
		__initialization		CODE           	001B	0000	24
		_time12        		STRCODE        	08C0	0000	16
		_time15        		STRCODE        	08F0	0000	16
		_time00        		STRCODE        	0800	0000	16
		_time03        		STRCODE        	0830	0000	16
		_time06        		STRCODE        	0860	0000	16
		_time09        		STRCODE        	0890	0000	16
		_time10        		STRCODE        	08A0	0000	16
		_spi1_configuration		STRCODE        	0900	0000	4
		_time13        		STRCODE        	08D0	0000	16

shared estimated size: 327

mcc_generated_files/mcc.c
		_WDT_Initialize		CODE           	048F	0000	4
		_PMD_Initialize		CODE           	0461	0000	12
		_OSCILLATOR_Initialize		CODE           	046D	0000	9
		_SYSTEM_Initialize		CODE           	042A	0000	22

mcc_generated_files/mcc.c estimated size: 47

mcc_generated_files/memory.c
		_FLASH_ReadWord		CODE           	03F2	0000	32

mcc_generated_files/memory.c estimated size: 32

main.c
		_envelope_control		CODE           	0037	0000	444
		_main          		CODE           	01F3	0000	254
		_Timer2ISR     		CODE           	03AD	0000	35
		_time_lookup   		CODE           	0356	0000	44
		_load_dac      		CODE           	0326	0000	48

main.c estimated size: 825

